CRITICAL - 2026-05-15 05:34:54 --> Error: Class "Locale" not found
[Method: GET, Route: /]
in SYSTEMPATH\CodeIgniter.php on line 189.
 1 SYSTEMPATH\Boot.php(404): CodeIgniter\CodeIgniter->initialize()
 2 SYSTEMPATH\Boot.php(163): CodeIgniter\Boot::initializeCodeIgniter()
 3 ROOTPATH\spark(87): CodeIgniter\Boot::bootSpark(Object(Config\Paths))
CRITICAL - 2026-05-15 05:34:54 --> ErrorException: Uncaught Error: Class "Locale" not found in D:\Aplikasi\siaga\system\I18n\TimeTrait.php:75
Stack trace:
#0 D:\Aplikasi\siaga\system\I18n\TimeTrait.php(116): CodeIgniter\I18n\Time->__construct(NULL, NULL, NULL)
#1 D:\Aplikasi\siaga\system\HTTP\ResponseTrait.php(394): CodeIgniter\I18n\Time::now()
#2 D:\Aplikasi\siaga\system\HTTP\ResponseTrait.php(372): CodeIgniter\HTTP\Response->sendHeaders()
#3 D:\Aplikasi\siaga\system\Debug\ExceptionHandler.php(95): CodeIgniter\HTTP\Response->send()
#4 D:\Aplikasi\siaga\system\Debug\Exceptions.php(151): CodeIgniter\Debug\ExceptionHandler->handle(Object(Error), Object(CodeIgniter\HTTP\IncomingRequest), Object(CodeIgniter\HTTP\Response), 500, 1)
#5 [internal function]: CodeIgniter\Debug\Exceptions->exceptionHandler(Object(Error))
#6 {main}
  thrown
【Previous Exception】
Error
Class "Locale" not found
#0 D:\Aplikasi\siaga\system\Boot.php(404): CodeIgniter\CodeIgniter->initialize()
#1 D:\Aplikasi\siaga\system\Boot.php(163): CodeIgniter\Boot::initializeCodeIgniter()
#2 D:\Aplikasi\siaga\spark(87): CodeIgniter\Boot::bootSpark(Object(Config\Paths))
#3 {main}
[Method: GET, Route: /]
in SYSTEMPATH\I18n\TimeTrait.php on line 75.
 1 [internal function]: CodeIgniter\Debug\Exceptions->shutdownHandler()
CRITICAL - 2026-05-15 05:40:37 --> CodeIgniter\Exceptions\CriticalError: The required PHP extension "mysqli" is not loaded. Install and enable it to use "MySQLi" driver.
[Method: GET, Route: /]
in SYSTEMPATH\Database\Database.php on line 186.
 1 SYSTEMPATH\Database\Database.php(59): CodeIgniter\Database\Database->checkDbExtension('MySQLi')
 2 SYSTEMPATH\Database\Config.php(82): CodeIgniter\Database\Database->load([...], 'default')
 3 SYSTEMPATH\Model.php(150): CodeIgniter\Database\Config::connect('default')
 4 VENDORPATH\codeigniter4\shield\src\Models\BaseModel.php(38): CodeIgniter\Model->__construct()
 5 VENDORPATH\codeigniter4\shield\src\Auth.php(167): CodeIgniter\Shield\Models\BaseModel->__construct()
 6 VENDORPATH\codeigniter4\shield\src\Auth.php(66): CodeIgniter\Shield\Auth->getProvider()
 7 VENDORPATH\codeigniter4\shield\src\Auth.php(184): CodeIgniter\Shield\Auth->ensureAuthentication()
 8 VENDORPATH\codeigniter4\shield\src\Controllers\LoginController.php(33): CodeIgniter\Shield\Auth->__call('loggedIn', [])
 9 SYSTEMPATH\CodeIgniter.php(951): CodeIgniter\Shield\Controllers\LoginController->loginView()
10 SYSTEMPATH\CodeIgniter.php(497): CodeIgniter\CodeIgniter->runController(Object(CodeIgniter\Shield\Controllers\LoginController))
11 SYSTEMPATH\CodeIgniter.php(340): CodeIgniter\CodeIgniter->handleRequest(null, Object(Config\Cache), false)
12 SYSTEMPATH\Boot.php(417): CodeIgniter\CodeIgniter->run()
13 SYSTEMPATH\Boot.php(68): CodeIgniter\Boot::runCodeIgniter(Object(CodeIgniter\CodeIgniter))
14 FCPATH\index.php(59): CodeIgniter\Boot::bootWeb(Object(Config\Paths))
15 SYSTEMPATH\rewrite.php(44): require_once('D:\\Aplikasi\\siaga\\public\\index.php')
CRITICAL - 2026-05-15 05:40:38 --> CodeIgniter\Exceptions\CriticalError: The required PHP extension "mysqli" is not loaded. Install and enable it to use "MySQLi" driver.
[Method: GET, Route: /]
in SYSTEMPATH\Database\Database.php on line 186.
 1 SYSTEMPATH\Database\Database.php(59): CodeIgniter\Database\Database->checkDbExtension('MySQLi')
 2 SYSTEMPATH\Database\Config.php(82): CodeIgniter\Database\Database->load([...], 'default')
 3 SYSTEMPATH\Model.php(150): CodeIgniter\Database\Config::connect('default')
 4 VENDORPATH\codeigniter4\shield\src\Models\BaseModel.php(38): CodeIgniter\Model->__construct()
 5 VENDORPATH\codeigniter4\shield\src\Auth.php(167): CodeIgniter\Shield\Models\BaseModel->__construct()
 6 VENDORPATH\codeigniter4\shield\src\Auth.php(66): CodeIgniter\Shield\Auth->getProvider()
 7 VENDORPATH\codeigniter4\shield\src\Auth.php(184): CodeIgniter\Shield\Auth->ensureAuthentication()
 8 VENDORPATH\codeigniter4\shield\src\Controllers\LoginController.php(33): CodeIgniter\Shield\Auth->__call('loggedIn', [])
 9 SYSTEMPATH\CodeIgniter.php(951): CodeIgniter\Shield\Controllers\LoginController->loginView()
10 SYSTEMPATH\CodeIgniter.php(497): CodeIgniter\CodeIgniter->runController(Object(CodeIgniter\Shield\Controllers\LoginController))
11 SYSTEMPATH\CodeIgniter.php(340): CodeIgniter\CodeIgniter->handleRequest(null, Object(Config\Cache), false)
12 SYSTEMPATH\Boot.php(417): CodeIgniter\CodeIgniter->run()
13 SYSTEMPATH\Boot.php(68): CodeIgniter\Boot::runCodeIgniter(Object(CodeIgniter\CodeIgniter))
14 FCPATH\index.php(59): CodeIgniter\Boot::bootWeb(Object(Config\Paths))
15 SYSTEMPATH\rewrite.php(44): require_once('D:\\Aplikasi\\siaga\\public\\index.php')
CRITICAL - 2026-05-15 05:43:58 --> CodeIgniter\Exceptions\CriticalError: The required PHP extension "mysqli" is not loaded. Install and enable it to use "MySQLi" driver.
[Method: GET, Route: /]
in SYSTEMPATH\Database\Database.php on line 186.
 1 SYSTEMPATH\Database\Database.php(59): CodeIgniter\Database\Database->checkDbExtension('MySQLi')
 2 SYSTEMPATH\Database\Config.php(82): CodeIgniter\Database\Database->load([...], 'default')
 3 SYSTEMPATH\Model.php(150): CodeIgniter\Database\Config::connect('default')
 4 VENDORPATH\codeigniter4\shield\src\Models\BaseModel.php(38): CodeIgniter\Model->__construct()
 5 VENDORPATH\codeigniter4\shield\src\Auth.php(167): CodeIgniter\Shield\Models\BaseModel->__construct()
 6 VENDORPATH\codeigniter4\shield\src\Auth.php(66): CodeIgniter\Shield\Auth->getProvider()
 7 VENDORPATH\codeigniter4\shield\src\Auth.php(184): CodeIgniter\Shield\Auth->ensureAuthentication()
 8 VENDORPATH\codeigniter4\shield\src\Controllers\LoginController.php(33): CodeIgniter\Shield\Auth->__call('loggedIn', [])
 9 SYSTEMPATH\CodeIgniter.php(951): CodeIgniter\Shield\Controllers\LoginController->loginView()
10 SYSTEMPATH\CodeIgniter.php(497): CodeIgniter\CodeIgniter->runController(Object(CodeIgniter\Shield\Controllers\LoginController))
11 SYSTEMPATH\CodeIgniter.php(340): CodeIgniter\CodeIgniter->handleRequest(null, Object(Config\Cache), false)
12 SYSTEMPATH\Boot.php(417): CodeIgniter\CodeIgniter->run()
13 SYSTEMPATH\Boot.php(68): CodeIgniter\Boot::runCodeIgniter(Object(CodeIgniter\CodeIgniter))
14 FCPATH\index.php(59): CodeIgniter\Boot::bootWeb(Object(Config\Paths))
15 SYSTEMPATH\rewrite.php(44): require_once('D:\\Aplikasi\\siaga\\public\\index.php')
CRITICAL - 2026-05-15 05:44:03 --> CodeIgniter\Exceptions\CriticalError: The required PHP extension "mysqli" is not loaded. Install and enable it to use "MySQLi" driver.
[Method: GET, Route: /]
in SYSTEMPATH\Database\Database.php on line 186.
 1 SYSTEMPATH\Database\Database.php(59): CodeIgniter\Database\Database->checkDbExtension('MySQLi')
 2 SYSTEMPATH\Database\Config.php(82): CodeIgniter\Database\Database->load([...], 'default')
 3 SYSTEMPATH\Model.php(150): CodeIgniter\Database\Config::connect('default')
 4 VENDORPATH\codeigniter4\shield\src\Models\BaseModel.php(38): CodeIgniter\Model->__construct()
 5 VENDORPATH\codeigniter4\shield\src\Auth.php(167): CodeIgniter\Shield\Models\BaseModel->__construct()
 6 VENDORPATH\codeigniter4\shield\src\Auth.php(66): CodeIgniter\Shield\Auth->getProvider()
 7 VENDORPATH\codeigniter4\shield\src\Auth.php(184): CodeIgniter\Shield\Auth->ensureAuthentication()
 8 VENDORPATH\codeigniter4\shield\src\Controllers\LoginController.php(33): CodeIgniter\Shield\Auth->__call('loggedIn', [])
 9 SYSTEMPATH\CodeIgniter.php(951): CodeIgniter\Shield\Controllers\LoginController->loginView()
10 SYSTEMPATH\CodeIgniter.php(497): CodeIgniter\CodeIgniter->runController(Object(CodeIgniter\Shield\Controllers\LoginController))
11 SYSTEMPATH\CodeIgniter.php(340): CodeIgniter\CodeIgniter->handleRequest(null, Object(Config\Cache), false)
12 SYSTEMPATH\Boot.php(417): CodeIgniter\CodeIgniter->run()
13 SYSTEMPATH\Boot.php(68): CodeIgniter\Boot::runCodeIgniter(Object(CodeIgniter\CodeIgniter))
14 FCPATH\index.php(59): CodeIgniter\Boot::bootWeb(Object(Config\Paths))
15 SYSTEMPATH\rewrite.php(44): require_once('D:\\Aplikasi\\siaga\\public\\index.php')
CRITICAL - 2026-05-15 05:44:45 --> CodeIgniter\Exceptions\CriticalError: The required PHP extension "mysqli" is not loaded. Install and enable it to use "MySQLi" driver.
[Method: GET, Route: /]
in SYSTEMPATH\Database\Database.php on line 186.
 1 SYSTEMPATH\Database\Database.php(59): CodeIgniter\Database\Database->checkDbExtension('MySQLi')
 2 SYSTEMPATH\Database\Config.php(82): CodeIgniter\Database\Database->load([...], 'default')
 3 SYSTEMPATH\Model.php(150): CodeIgniter\Database\Config::connect('default')
 4 VENDORPATH\codeigniter4\shield\src\Models\BaseModel.php(38): CodeIgniter\Model->__construct()
 5 VENDORPATH\codeigniter4\shield\src\Auth.php(167): CodeIgniter\Shield\Models\BaseModel->__construct()
 6 VENDORPATH\codeigniter4\shield\src\Auth.php(66): CodeIgniter\Shield\Auth->getProvider()
 7 VENDORPATH\codeigniter4\shield\src\Auth.php(184): CodeIgniter\Shield\Auth->ensureAuthentication()
 8 VENDORPATH\codeigniter4\shield\src\Controllers\LoginController.php(33): CodeIgniter\Shield\Auth->__call('loggedIn', [])
 9 SYSTEMPATH\CodeIgniter.php(951): CodeIgniter\Shield\Controllers\LoginController->loginView()
10 SYSTEMPATH\CodeIgniter.php(497): CodeIgniter\CodeIgniter->runController(Object(CodeIgniter\Shield\Controllers\LoginController))
11 SYSTEMPATH\CodeIgniter.php(340): CodeIgniter\CodeIgniter->handleRequest(null, Object(Config\Cache), false)
12 SYSTEMPATH\Boot.php(417): CodeIgniter\CodeIgniter->run()
13 SYSTEMPATH\Boot.php(68): CodeIgniter\Boot::runCodeIgniter(Object(CodeIgniter\CodeIgniter))
14 FCPATH\index.php(59): CodeIgniter\Boot::bootWeb(Object(Config\Paths))
15 SYSTEMPATH\rewrite.php(44): require_once('D:\\Aplikasi\\siaga\\public\\index.php')
CRITICAL - 2026-05-15 06:07:00 --> CodeIgniter\Exceptions\CriticalError: The required PHP extension "mysqli" is not loaded. Install and enable it to use "MySQLi" driver.
[Method: GET, Route: /]
in SYSTEMPATH\Database\Database.php on line 186.
 1 SYSTEMPATH\Database\Database.php(59): CodeIgniter\Database\Database->checkDbExtension('MySQLi')
 2 SYSTEMPATH\Database\Config.php(82): CodeIgniter\Database\Database->load([...], 'default')
 3 SYSTEMPATH\Model.php(150): CodeIgniter\Database\Config::connect('default')
 4 VENDORPATH\codeigniter4\shield\src\Models\BaseModel.php(38): CodeIgniter\Model->__construct()
 5 VENDORPATH\codeigniter4\shield\src\Auth.php(167): CodeIgniter\Shield\Models\BaseModel->__construct()
 6 VENDORPATH\codeigniter4\shield\src\Auth.php(66): CodeIgniter\Shield\Auth->getProvider()
 7 VENDORPATH\codeigniter4\shield\src\Auth.php(184): CodeIgniter\Shield\Auth->ensureAuthentication()
 8 VENDORPATH\codeigniter4\shield\src\Controllers\LoginController.php(33): CodeIgniter\Shield\Auth->__call('loggedIn', [])
 9 SYSTEMPATH\CodeIgniter.php(951): CodeIgniter\Shield\Controllers\LoginController->loginView()
10 SYSTEMPATH\CodeIgniter.php(497): CodeIgniter\CodeIgniter->runController(Object(CodeIgniter\Shield\Controllers\LoginController))
11 SYSTEMPATH\CodeIgniter.php(340): CodeIgniter\CodeIgniter->handleRequest(null, Object(Config\Cache), false)
12 SYSTEMPATH\Boot.php(417): CodeIgniter\CodeIgniter->run()
13 SYSTEMPATH\Boot.php(68): CodeIgniter\Boot::runCodeIgniter(Object(CodeIgniter\CodeIgniter))
14 FCPATH\index.php(59): CodeIgniter\Boot::bootWeb(Object(Config\Paths))
15 SYSTEMPATH\rewrite.php(44): require_once('D:\\Aplikasi\\siaga\\public\\index.php')
CRITICAL - 2026-05-15 06:07:57 --> CodeIgniter\Exceptions\CriticalError: The required PHP extension "mysqli" is not loaded. Install and enable it to use "MySQLi" driver.
[Method: GET, Route: /]
in SYSTEMPATH\Database\Database.php on line 186.
 1 SYSTEMPATH\Database\Database.php(59): CodeIgniter\Database\Database->checkDbExtension('MySQLi')
 2 SYSTEMPATH\Database\Config.php(82): CodeIgniter\Database\Database->load([...], 'default')
 3 SYSTEMPATH\Model.php(150): CodeIgniter\Database\Config::connect('default')
 4 VENDORPATH\codeigniter4\shield\src\Models\BaseModel.php(38): CodeIgniter\Model->__construct()
 5 VENDORPATH\codeigniter4\shield\src\Auth.php(167): CodeIgniter\Shield\Models\BaseModel->__construct()
 6 VENDORPATH\codeigniter4\shield\src\Auth.php(66): CodeIgniter\Shield\Auth->getProvider()
 7 VENDORPATH\codeigniter4\shield\src\Auth.php(184): CodeIgniter\Shield\Auth->ensureAuthentication()
 8 VENDORPATH\codeigniter4\shield\src\Controllers\LoginController.php(33): CodeIgniter\Shield\Auth->__call('loggedIn', [])
 9 SYSTEMPATH\CodeIgniter.php(951): CodeIgniter\Shield\Controllers\LoginController->loginView()
10 SYSTEMPATH\CodeIgniter.php(497): CodeIgniter\CodeIgniter->runController(Object(CodeIgniter\Shield\Controllers\LoginController))
11 SYSTEMPATH\CodeIgniter.php(340): CodeIgniter\CodeIgniter->handleRequest(null, Object(Config\Cache), false)
12 SYSTEMPATH\Boot.php(417): CodeIgniter\CodeIgniter->run()
13 SYSTEMPATH\Boot.php(68): CodeIgniter\Boot::runCodeIgniter(Object(CodeIgniter\CodeIgniter))
14 FCPATH\index.php(59): CodeIgniter\Boot::bootWeb(Object(Config\Paths))
15 SYSTEMPATH\rewrite.php(44): require_once('D:\\Aplikasi\\siaga\\public\\index.php')
DEBUG - 2026-05-15 06:08:44 --> Session: Class initialized using 'CodeIgniter\Session\Handlers\FileHandler' driver.
DEBUG - 2026-05-15 06:08:45 --> Session: Class initialized using 'CodeIgniter\Session\Handlers\FileHandler' driver.
DEBUG - 2026-05-15 06:40:54 --> Session: Class initialized using 'CodeIgniter\Session\Handlers\FileHandler' driver.
DEBUG - 2026-05-15 06:40:54 --> Session: Class initialized using 'CodeIgniter\Session\Handlers\FileHandler' driver.
DEBUG - 2026-05-15 06:41:02 --> Session: Class initialized using 'CodeIgniter\Session\Handlers\FileHandler' driver.
DEBUG - 2026-05-15 06:43:23 --> Session: Class initialized using 'CodeIgniter\Session\Handlers\FileHandler' driver.
DEBUG - 2026-05-15 07:34:32 --> Session: Class initialized using 'CodeIgniter\Session\Handlers\FileHandler' driver.
DEBUG - 2026-05-15 07:48:22 --> Session: Class initialized using 'CodeIgniter\Session\Handlers\FileHandler' driver.
DEBUG - 2026-05-15 07:48:22 --> Session: Class initialized using 'CodeIgniter\Session\Handlers\FileHandler' driver.
DEBUG - 2026-05-15 07:59:57 --> Session: Class initialized using 'CodeIgniter\Session\Handlers\FileHandler' driver.
DEBUG - 2026-05-15 08:00:01 --> Session: Class initialized using 'CodeIgniter\Session\Handlers\FileHandler' driver.
DEBUG - 2026-05-15 08:00:02 --> Session: Class initialized using 'CodeIgniter\Session\Handlers\FileHandler' driver.
DEBUG - 2026-05-15 08:00:03 --> Session: Class initialized using 'CodeIgniter\Session\Handlers\FileHandler' driver.
DEBUG - 2026-05-15 08:07:03 --> Session: Class initialized using 'CodeIgniter\Session\Handlers\FileHandler' driver.
DEBUG - 2026-05-15 08:08:50 --> Session: Class initialized using 'CodeIgniter\Session\Handlers\FileHandler' driver.
DEBUG - 2026-05-15 08:12:19 --> Session: Class initialized using 'CodeIgniter\Session\Handlers\FileHandler' driver.
DEBUG - 2026-05-15 08:12:20 --> Session: Class initialized using 'CodeIgniter\Session\Handlers\FileHandler' driver.
DEBUG - 2026-05-15 08:12:42 --> Session: Class initialized using 'CodeIgniter\Session\Handlers\FileHandler' driver.
DEBUG - 2026-05-15 08:12:43 --> Session: Class initialized using 'CodeIgniter\Session\Handlers\FileHandler' driver.
DEBUG - 2026-05-15 08:12:43 --> Session: Class initialized using 'CodeIgniter\Session\Handlers\FileHandler' driver.
DEBUG - 2026-05-15 08:12:48 --> Session: Class initialized using 'CodeIgniter\Session\Handlers\FileHandler' driver.
DEBUG - 2026-05-15 08:12:51 --> Session: Class initialized using 'CodeIgniter\Session\Handlers\FileHandler' driver.
DEBUG - 2026-05-15 08:12:58 --> Session: Class initialized using 'CodeIgniter\Session\Handlers\FileHandler' driver.
DEBUG - 2026-05-15 08:12:59 --> Session: Class initialized using 'CodeIgniter\Session\Handlers\FileHandler' driver.
DEBUG - 2026-05-15 08:12:59 --> Session: Class initialized using 'CodeIgniter\Session\Handlers\FileHandler' driver.
DEBUG - 2026-05-15 08:13:00 --> Session: Class initialized using 'CodeIgniter\Session\Handlers\FileHandler' driver.
DEBUG - 2026-05-15 08:13:00 --> Session: Class initialized using 'CodeIgniter\Session\Handlers\FileHandler' driver.
DEBUG - 2026-05-15 08:13:01 --> Session: Class initialized using 'CodeIgniter\Session\Handlers\FileHandler' driver.
DEBUG - 2026-05-15 08:13:02 --> Session: Class initialized using 'CodeIgniter\Session\Handlers\FileHandler' driver.
DEBUG - 2026-05-15 08:13:02 --> Session: Class initialized using 'CodeIgniter\Session\Handlers\FileHandler' driver.
DEBUG - 2026-05-15 08:13:07 --> Session: Class initialized using 'CodeIgniter\Session\Handlers\FileHandler' driver.
DEBUG - 2026-05-15 08:13:12 --> Session: Class initialized using 'CodeIgniter\Session\Handlers\FileHandler' driver.
DEBUG - 2026-05-15 08:13:15 --> Session: Class initialized using 'CodeIgniter\Session\Handlers\FileHandler' driver.
DEBUG - 2026-05-15 08:13:17 --> Session: Class initialized using 'CodeIgniter\Session\Handlers\FileHandler' driver.
DEBUG - 2026-05-15 08:13:17 --> Session: Class initialized using 'CodeIgniter\Session\Handlers\FileHandler' driver.
DEBUG - 2026-05-15 08:13:17 --> Session: Class initialized using 'CodeIgniter\Session\Handlers\FileHandler' driver.
DEBUG - 2026-05-15 08:13:17 --> Session: Class initialized using 'CodeIgniter\Session\Handlers\FileHandler' driver.
DEBUG - 2026-05-15 08:13:17 --> Session: Class initialized using 'CodeIgniter\Session\Handlers\FileHandler' driver.
DEBUG - 2026-05-15 08:13:18 --> Session: Class initialized using 'CodeIgniter\Session\Handlers\FileHandler' driver.
DEBUG - 2026-05-15 08:13:18 --> Session: Class initialized using 'CodeIgniter\Session\Handlers\FileHandler' driver.
DEBUG - 2026-05-15 08:13:18 --> Session: Class initialized using 'CodeIgniter\Session\Handlers\FileHandler' driver.
DEBUG - 2026-05-15 08:13:19 --> Session: Class initialized using 'CodeIgniter\Session\Handlers\FileHandler' driver.
DEBUG - 2026-05-15 08:13:20 --> Session: Class initialized using 'CodeIgniter\Session\Handlers\FileHandler' driver.
DEBUG - 2026-05-15 08:13:20 --> Session: Class initialized using 'CodeIgniter\Session\Handlers\FileHandler' driver.
DEBUG - 2026-05-15 08:13:38 --> Session: Class initialized using 'CodeIgniter\Session\Handlers\FileHandler' driver.
DEBUG - 2026-05-15 08:13:40 --> Session: Class initialized using 'CodeIgniter\Session\Handlers\FileHandler' driver.
DEBUG - 2026-05-15 08:13:41 --> Session: Class initialized using 'CodeIgniter\Session\Handlers\FileHandler' driver.
DEBUG - 2026-05-15 08:13:42 --> Session: Class initialized using 'CodeIgniter\Session\Handlers\FileHandler' driver.
